<html>
<body>
<pre>
<h1>µVision Build Log</h1>
<h2>Tool Versions:</h2>
IDE-Version: µVision V5.29.0.0
Copyright (C) 2019 ARM Ltd and ARM Germany GmbH. All rights reserved.
License Information: mohamed sayed, ASU, LIC=32BVE-5LGDT-JIK5S-LKLU4-QD6AJ-LQK60
 
Tool Versions:
Toolchain:       MDK-ARM Plus  Version: 5.29.0.0
Toolchain Path:  C:\Keil_v5\ARM\ARMCC\Bin
C Compiler:      Armcc.exe V5.06 update 6 (build 750)
Assembler:       Armasm.exe V5.06 update 6 (build 750)
Linker/Locator:  ArmLink.exe V5.06 update 6 (build 750)
Library Manager: ArmAr.exe V5.06 update 6 (build 750)
Hex Converter:   FromElf.exe V5.06 update 6 (build 750)
CPU DLL:         SARMCM3.DLL V5.29.0.0
Dialog DLL:      DCM.DLL V1.17.3.0
Target DLL:      lmidk-agdi.dll V???
Dialog DLL:      TCM.DLL V1.36.5.0
 
<h2>Project:</h2>
D:\My AUTOSAR\app\DioTest\Dio_Test.uvprojx
Project File Date:  06/13/2021

<h2>Output:</h2>
*** Using Compiler 'V5.06 update 6 (build 750)', folder: 'C:\Keil_v5\ARM\ARMCC\Bin'
Build target 'Target 1'
compiling interrupt.c...
compiling Stub.c...
..\..\AUTOSAR\STUB\Stub.c(37): warning:  #940-D: missing return statement at end of non-void function "Det_ReportError" 
  }
..\..\AUTOSAR\STUB\Stub.c: 1 warning, 0 errors
compiling Dio_Lcfg.c...
compiling system_TM4C123.c...
compiling main.c...
main.c(23): warning:  #177-D: variable "ui32Index"  was declared but never referenced
  		uint32_t ui32Index = 0;
main.c(24): warning:  #177-D: variable "pui32DataTx"  was declared but never referenced
  		uint32_t pui32DataTx[8] = {0};
main.c(25): warning:  #177-D: variable "pui32DataRx"  was declared but never referenced
  		uint32_t pui32DataRx[8] = {0};
main.c: 3 warnings, 0 errors
compiling Dio.c...
..\..\AUTOSAR\BSW\MCAL\DIO\src\Dio.c(468): warning:  #177-D: variable "PinNumber"  was declared but never referenced
  	uint8  	 PinNumber;
..\..\AUTOSAR\BSW\MCAL\DIO\src\Dio.c: 1 warning, 0 errors
compiling cpu.c...
compiling gpio.c...
compiling sysctl.c...
linking...
Program Size: Code=2360 RO-data=700 RW-data=28 ZI-data=612  
".\Objects\Dio_Test.axf" - 0 Error(s), 5 Warning(s).

<h2>Software Packages used:</h2>

Package Vendor: ARM
                http://www.keil.com/pack/ARM.CMSIS.5.7.0.pack
                ARM.CMSIS.5.7.0
                CMSIS (Cortex Microcontroller Software Interface Standard)
   * Component: CORE Version: 5.4.0

Package Vendor: Keil
                http://www.keil.com/pack/Keil.TM4C_DFP.1.1.0.pack
                Keil.TM4C_DFP.1.1.0
                Texas Instruments Tiva C Series Device Support and Examples
   * Component: Startup Version: 1.0.1

<h2>Collection of Component include folders:</h2>
  .\RTE\_Target_1
  C:\Users\Mohamed-Sayed\AppData\Local\Arm\Packs\ARM\CMSIS\5.7.0\CMSIS\Core\Include
  C:\Users\Mohamed-Sayed\AppData\Local\Arm\Packs\Keil\TM4C_DFP\1.1.0\Device\Include\TM4C123

<h2>Collection of Component Files used:</h2>

   * Component: ARM::CMSIS:CORE:5.4.0

   * Component: Keil::Device:Startup:1.0.1
      Include file:  Device\Include\TM4C123\TM4C123.h
      Source file:   Device\Source\system_TM4C123.c
      Source file:   Device\Source\ARM\startup_TM4C123.s
Build Time Elapsed:  00:00:02
</pre>
</body>
</html>
